   0 SimID_1585623750_0_0000.sim SimID_1585623750_0_00.zip 0
   1 SimID_1585623750_0_0001.sim SimID_1585623750_0_00.zip 0.005
   2 SimID_1585623750_0_0002.sim SimID_1585623750_0_00.zip 0.01
